
  .   ____          _            __ _ _
 /\\ / ___'_ __ _ _(_)_ __  __ _ \ \ \ \
( ( )\___ | '_ | '_| | '_ \/ _` | \ \ \ \
 \\/  ___)| |_)| | | | | || (_| |  ) ) ) )
  '  |____| .__|_| |_|_| |_\__, | / / / /
 =========|_|==============|___/=/_/_/_/

 :: Spring Boot ::                (v3.3.4)

2026-09-19T08:40:37.589+01:00  INFO 13468 --- [archive-manager] [           main] o.a.manager.ArchiveManagerApplication    : Starting ArchiveManagerApplication v0.1.0 using Java 21.0.11 with PID 13468 (C:\test\Software\NAM\archive-manager\target\archive-manager-0.1.0.jar started by david in C:\test\Software\NAM\archive-manager)
2026-09-19T08:40:37.607+01:00  INFO 13468 --- [archive-manager] [           main] o.a.manager.ArchiveManagerApplication    : No active profile set, falling back to 1 default profile: "default"
2026-09-19T08:40:40.402+01:00  INFO 13468 --- [archive-manager] [           main] o.s.b.w.embedded.tomcat.TomcatWebServer  : Tomcat initialized with port 9090 (http)
2026-09-19T08:40:40.451+01:00  INFO 13468 --- [archive-manager] [           main] o.apache.catalina.core.StandardService   : Starting service [Tomcat]
2026-09-19T08:40:40.452+01:00  INFO 13468 --- [archive-manager] [           main] o.apache.catalina.core.StandardEngine    : Starting Servlet engine: [Apache Tomcat/10.1.30]
2026-09-19T08:40:40.540+01:00  INFO 13468 --- [archive-manager] [           main] o.a.c.c.C.[Tomcat].[localhost].[/]       : Initializing Spring embedded WebApplicationContext
2026-09-19T08:40:40.542+01:00  INFO 13468 --- [archive-manager] [           main] w.s.c.ServletWebServerApplicationContext : Root WebApplicationContext: initialization completed in 2791 ms
2026-09-19T08:40:40.660+01:00  INFO 13468 --- [archive-manager] [           main] org.archive.manager.rdf.RdfStore         : Opening TDB2 store at C:\test\Software\NAM\archive-manager\data\tdb2
2026-09-19T08:40:46.429+01:00  INFO 13468 --- [archive-manager] [           main] org.archive.manager.rdf.RdfStore         : Loading the full RiC-O 1.1 ontology from rdf/RiC-O_1-1.rdf
2026-09-19T08:40:48.580+01:00  INFO 13468 --- [archive-manager] [           main] org.archive.manager.rdf.RdfStore         : Data graph already has 413 triples; leaving it as-is
2026-09-19T08:40:48.597+01:00  INFO 13468 --- [archive-manager] [           main] org.archive.manager.rdf.RdfStore         : Ontology graph: 17299 triples. Data graph: 413 triples.
2026-09-19T08:40:50.880+01:00  INFO 13468 --- [archive-manager] [           main] o.s.b.w.embedded.tomcat.TomcatWebServer  : Tomcat started on port 9090 (http) with context path '/'
2026-09-19T08:40:50.916+01:00  INFO 13468 --- [archive-manager] [           main] o.a.manager.ArchiveManagerApplication    : Started ArchiveManagerApplication in 14.554 seconds (process running for 16.346)
2026-09-19T08:40:54.340+01:00  INFO 13468 --- [archive-manager] [nio-9090-exec-1] o.a.c.c.C.[Tomcat].[localhost].[/]       : Initializing Spring DispatcherServlet 'dispatcherServlet'
2026-09-19T08:40:54.341+01:00  INFO 13468 --- [archive-manager] [nio-9090-exec-1] o.s.web.servlet.DispatcherServlet        : Initializing Servlet 'dispatcherServlet'
2026-09-19T08:40:54.343+01:00  INFO 13468 --- [archive-manager] [nio-9090-exec-1] o.s.web.servlet.DispatcherServlet        : Completed initialization in 1 ms
